
Auditoria v6 — en/curso.html   (celular 390px, 3 temas)
1ª visita: trilha 2 controles · aula 3 controles

Aula 1: 10/10 APROVADA  · 284 palavras de prosa · 3 steps · frases >22: 0/27 · visuais reais 2 · cena 121 KB · 15 min

Aula 2: 10/10 APROVADA  · 255 palavras de prosa · 3 steps · frases >22: 0/25 · visuais reais 2 · cena 82 KB · 15 min

Aula 3: 9/10 APROVADA  · 240 palavras de prosa · 3 steps · frases >22: 0/28 · visuais reais 2 · cena 122 KB · 15 min
   ✗ 6 texto-sem-armadilha
     teste-se: a alternativa certa é bem mais longa que as outras (1)

Aula 4: 10/10 APROVADA  · 243 palavras de prosa · 3 steps · frases >22: 0/27 · visuais reais 2 · cena 89 KB · 15 min

Aula 5: 10/10 APROVADA  · 286 palavras de prosa · 3 steps · frases >22: 0/26 · visuais reais 2 · cena 108 KB · 15 min

Aula 6: 10/10 APROVADA  · 258 palavras de prosa · 3 steps · frases >22: 0/27 · visuais reais 2 · cena 116 KB · 15 min

Aula 7: 10/10 APROVADA  · 279 palavras de prosa · 3 steps · frases >22: 0/25 · visuais reais 2 · cena 118 KB · 15 min

Aula 8: 10/10 APROVADA  · 257 palavras de prosa · 3 steps · frases >22: 0/26 · visuais reais 2 · cena 108 KB · 15 min

Aula 9: 10/10 APROVADA  · 266 palavras de prosa · 3 steps · frases >22: 0/27 · visuais reais 2 · cena 112 KB · 15 min

Aula 10: 10/10 APROVADA  · 262 palavras de prosa · 3 steps · frases >22: 0/23 · visuais reais 2 · cena 120 KB · 15 min

Aula 11: 10/10 APROVADA  · 274 palavras de prosa · 3 steps · frases >22: 0/24 · visuais reais 2 · cena 129 KB · 15 min

Aula 12: 9/10 APROVADA  · 269 palavras de prosa · 3 steps · frases >22: 0/25 · visuais reais 2 · cena 141 KB · 15 min
   ✗ 6 texto-sem-armadilha
     teste-se: a alternativa certa é bem mais longa que as outras (1)

Média: 9.8/10 · aprovadas 12/12
Lembrete: o critério 1 é proxy — confirme com o leitor simulado (TESTE-HUMANO.md) antes de dar a aula por aprovada.
